(node:25708) [DEP0169] DeprecationWarning: `url.parse()` behavior is not standardized and prone to errors that have security implications. Use the WHATWG URL API instead. CVEs are not issued for `url.parse()` vulnerabilities.
(Use `node --trace-deprecation ...` to show where the warning was created)
{"timestamp":"2026-06-07T18:00:24.517Z","level":"ERROR","message":"Unhandled Rejection at:","promise":{},"reason":{}}
{"timestamp":"2026-06-07T18:00:52.524Z","level":"ERROR","message":"Unhandled Rejection at:","promise":{},"reason":{}}
{"timestamp":"2026-06-07T18:02:32.497Z","level":"ERROR","message":"Unhandled Rejection at:","promise":{},"reason":{}}
{"timestamp":"2026-06-07T18:06:14.479Z","level":"ERROR","message":"Unhandled Rejection at:","promise":{},"reason":{}}
{"timestamp":"2026-06-07T18:08:21.328Z","level":"ERROR","message":"Unhandled Rejection at:","promise":{},"reason":{}}
{"timestamp":"2026-06-07T18:10:56.444Z","level":"ERROR","message":"Unhandled Rejection at:","promise":{},"reason":{}}
{"timestamp":"2026-06-07T18:12:39.842Z","level":"ERROR","message":"Unhandled Rejection at:","promise":{},"reason":{}}
{"timestamp":"2026-06-07T18:13:08.584Z","level":"ERROR","message":"Unhandled Rejection at:","promise":{},"reason":{}}
{"timestamp":"2026-06-07T18:13:24.997Z","level":"ERROR","message":"Unhandled Rejection at:","promise":{},"reason":{}}
{"timestamp":"2026-06-07T18:14:42.530Z","level":"ERROR","message":"Unhandled Rejection at:","promise":{},"reason":{}}
{"timestamp":"2026-06-07T18:15:18.485Z","level":"ERROR","message":"Unhandled Rejection at:","promise":{},"reason":{}}
{"timestamp":"2026-06-07T18:32:12.974Z","level":"ERROR","message":"Failed to create purchase order","error":"column \"invoice_no\" of relation \"purchase_orders\" does not exist"}
{"timestamp":"2026-06-07T18:32:16.292Z","level":"ERROR","message":"Failed to create purchase order","error":"column \"invoice_no\" of relation \"purchase_orders\" does not exist"}
{"timestamp":"2026-06-07T18:32:32.394Z","level":"ERROR","message":"Failed to create purchase order","error":"column \"invoice_no\" of relation \"purchase_orders\" does not exist"}
{"timestamp":"2026-06-07T18:32:46.450Z","level":"ERROR","message":"Failed to create purchase order","error":"column \"invoice_no\" of relation \"purchase_orders\" does not exist"}
{"timestamp":"2026-06-07T18:32:47.338Z","level":"ERROR","message":"Failed to create purchase order","error":"column \"invoice_no\" of relation \"purchase_orders\" does not exist"}
{"timestamp":"2026-06-07T18:32:57.927Z","level":"ERROR","message":"Failed to create purchase order","error":"column \"invoice_no\" of relation \"purchase_orders\" does not exist"}
{"timestamp":"2026-06-07T18:33:10.103Z","level":"ERROR","message":"Failed to create purchase order","error":"column \"invoice_no\" of relation \"purchase_orders\" does not exist"}
{"timestamp":"2026-06-07T18:36:04.982Z","level":"ERROR","message":"Unhandled Rejection at:","promise":{},"reason":{}}
{"timestamp":"2026-06-07T18:36:34.262Z","level":"ERROR","message":"Failed to receive items for purchase b00b9efc-9a38-4f37-8533-69976a0925ad","error":"column \"received_quantity\" does not exist"}
{"timestamp":"2026-06-07T18:42:54.242Z","level":"ERROR","message":"Failed to receive items for purchase 14bcd1e1-cd06-4c8f-8163-ca8a12ee2cb9","error":"column \"batch_no\" of relation \"batches\" does not exist"}
{"timestamp":"2026-06-07T18:55:34.394Z","level":"ERROR","message":"Unhandled Rejection at:","promise":{},"reason":{}}
{"timestamp":"2026-06-07T18:56:00.761Z","level":"ERROR","message":"Unhandled Rejection at:","promise":{},"reason":{}}
{"timestamp":"2026-06-07T19:00:51.056Z","level":"ERROR","message":"Failed to create asset","error":"null value in column \"asset_name\" of relation \"fixed_assets\" violates not-null constraint"}
{"timestamp":"2026-06-07T19:05:21.150Z","level":"ERROR","message":"Failed to fetch asset","error":"invalid input syntax for type uuid: \"categories\""}
{"timestamp":"2026-06-07T19:05:21.152Z","level":"ERROR","message":"Failed to fetch asset","error":"invalid input syntax for type uuid: \"history\""}
{"timestamp":"2026-06-07T19:05:21.159Z","level":"ERROR","message":"Failed to fetch asset","error":"invalid input syntax for type uuid: \"categories\""}
{"timestamp":"2026-06-07T19:05:21.204Z","level":"ERROR","message":"Failed to fetch asset","error":"invalid input syntax for type uuid: \"history\""}
{"timestamp":"2026-06-07T19:05:22.198Z","level":"ERROR","message":"Failed to fetch asset","error":"invalid input syntax for type uuid: \"categories\""}
{"timestamp":"2026-06-07T19:05:22.199Z","level":"ERROR","message":"Failed to fetch asset","error":"invalid input syntax for type uuid: \"history\""}
{"timestamp":"2026-06-07T19:05:22.336Z","level":"ERROR","message":"Failed to fetch asset","error":"invalid input syntax for type uuid: \"categories\""}
{"timestamp":"2026-06-07T19:05:22.345Z","level":"ERROR","message":"Failed to fetch asset","error":"invalid input syntax for type uuid: \"history\""}
{"0":"c","1":"u","2":"r","3":"r","4":"e","5":"n","6":"t","7":" ","8":"t","9":"r","10":"a","11":"n","12":"s","13":"a","14":"c","15":"t","16":"i","17":"o","18":"n","19":" ","20":"i","21":"s","22":" ","23":"a","24":"b","25":"o","26":"r","27":"t","28":"e","29":"d","30":",","31":" ","32":"c","33":"o","34":"m","35":"m","36":"a","37":"n","38":"d","39":"s","40":" ","41":"i","42":"g","43":"n","44":"o","45":"r","46":"e","47":"d","48":" ","49":"u","50":"n","51":"t","52":"i","53":"l","54":" ","55":"e","56":"n","57":"d","58":" ","59":"o","60":"f","61":" ","62":"t","63":"r","64":"a","65":"n","66":"s","67":"a","68":"c","69":"t","70":"i","71":"o","72":"n","73":" ","74":"b","75":"l","76":"o","77":"c","78":"k","timestamp":"2026-06-07T19:10:37.420Z","level":"ERROR","message":"POS Products Error:"}
{"timestamp":"2026-06-07T19:12:31.304Z","level":"ERROR","message":"Failed to allocate asset","error":"bind message supplies 9 parameters, but prepared statement \"\" requires 8"}
{"timestamp":"2026-06-07T19:14:19.683Z","level":"ERROR","message":"Failed to allocate asset","error":"bind message supplies 9 parameters, but prepared statement \"\" requires 8"}
{"timestamp":"2026-06-07T19:15:00.169Z","level":"ERROR","message":"Failed to allocate asset","error":"bind message supplies 9 parameters, but prepared statement \"\" requires 8"}
{"timestamp":"2026-06-07T19:15:36.934Z","level":"ERROR","message":"Failed to allocate asset","error":"bind message supplies 9 parameters, but prepared statement \"\" requires 8"}
{"timestamp":"2026-06-07T19:33:58.348Z","level":"ERROR","message":"Failed to allocate asset","error":"operator does not exist: uuid = text"}
{"timestamp":"2026-06-07T19:38:57.791Z","level":"ERROR","message":"Failed to allocate asset","error":"operator does not exist: uuid = text"}
{"0":"c","1":"u","2":"r","3":"r","4":"e","5":"n","6":"t","7":" ","8":"t","9":"r","10":"a","11":"n","12":"s","13":"a","14":"c","15":"t","16":"i","17":"o","18":"n","19":" ","20":"i","21":"s","22":" ","23":"a","24":"b","25":"o","26":"r","27":"t","28":"e","29":"d","30":",","31":" ","32":"c","33":"o","34":"m","35":"m","36":"a","37":"n","38":"d","39":"s","40":" ","41":"i","42":"g","43":"n","44":"o","45":"r","46":"e","47":"d","48":" ","49":"u","50":"n","51":"t","52":"i","53":"l","54":" ","55":"e","56":"n","57":"d","58":" ","59":"o","60":"f","61":" ","62":"t","63":"r","64":"a","65":"n","66":"s","67":"a","68":"c","69":"t","70":"i","71":"o","72":"n","73":" ","74":"b","75":"l","76":"o","77":"c","78":"k","timestamp":"2026-06-07T19:44:20.853Z","level":"ERROR","message":"POS Products Error:"}
{"timestamp":"2026-06-07T19:45:56.149Z","level":"ERROR","message":"HR route error","error":"duplicate key value violates unique constraint \"hr_attendance_employee_id_date_key\"","path":"/attendance/clock-in"}
{"0":"c","1":"u","2":"r","3":"r","4":"e","5":"n","6":"t","7":" ","8":"t","9":"r","10":"a","11":"n","12":"s","13":"a","14":"c","15":"t","16":"i","17":"o","18":"n","19":" ","20":"i","21":"s","22":" ","23":"a","24":"b","25":"o","26":"r","27":"t","28":"e","29":"d","30":",","31":" ","32":"c","33":"o","34":"m","35":"m","36":"a","37":"n","38":"d","39":"s","40":" ","41":"i","42":"g","43":"n","44":"o","45":"r","46":"e","47":"d","48":" ","49":"u","50":"n","51":"t","52":"i","53":"l","54":" ","55":"e","56":"n","57":"d","58":" ","59":"o","60":"f","61":" ","62":"t","63":"r","64":"a","65":"n","66":"s","67":"a","68":"c","69":"t","70":"i","71":"o","72":"n","73":" ","74":"b","75":"l","76":"o","77":"c","78":"k","timestamp":"2026-06-07T19:45:56.221Z","level":"ERROR","message":"POS Products Error:"}
